<?xml version="1.0" encoding="utf-8"?><testsuites><testsuite name="pytest" errors="0" failures="0" skipped="0" tests="3" time="18.622" timestamp="2022-06-20T11:45:03.249776" hostname="LAPTOP-NK4TBG1B"><testcase classname="tests.test_example.Example" name="test_example1" time="5.730" /><testcase classname="tests.test_example.Example" name="test_example2" time="5.623" /><testcase classname="tests.test_example.Example" name="test_example3" time="7.178" /></testsuite></testsuites>